$ git checkout main
Switched to branch 'main'
Your branch is up to date with 'origin/main'.
theia@theia-velrryss:/home/project/mcino-Introduction-to-Git-and-GitHub$ git merge bug-fix-typo
Updating f92f003..9dead5c
Fast-forward
theia@theia-velrryss:/home/project/mcino-Introduction-to-Git-and-GitHub$ git status
On branch main
Your branch is ahead of 'origin/main' by 2 commits.
  (use "git push" to publish your local commits)

nothing to commit, working tree clean
theia@theia-velrryss:/home/project/mcino-Introduction-to-Git-and-GitHub$ git loh
git: 'loh' is not a git command. See 'git --help'.

The most similar command is
        log
theia@theia-velrryss:/home/project/mcino-Introduction-to-Git-and-GitHub$ git log
commit 9dead5cf2e4508723ced332357b096b4ba9e50ab (HEAD -> main, bug-fix-typo)
Author: carinavreyes <vel.rryss@gmail.com>
Date:   Sat May 16 16:48:07 2026 -0400

    changed to 2023
